﻿[dotenv@17.3.1] injecting env (7) from .env -- tip: ΓÜÖ∩╕Å  override existing env vars with { override: true }
[LOG][2026-03-05T17:01:11.537Z] --- Starting Browser Init Test ---
[LOG][2026-03-05T17:01:11.567Z] ≡ƒÜÇ Launching browser (Attempt 1/3, Proxy: 107.155.103.66)...
[LOG][2026-03-05T17:01:12.822Z] [DEBUG] Browser launched (PID: 9144)
[LOG][2026-03-05T17:01:12.933Z] [DEBUG] New page created
[LOG][2026-03-05T17:01:12.942Z] [DEBUG] Verifying proxy connectivity (60s timeout)...
[LOG][2026-03-05T17:01:14.181Z] ΓÜá∩╕Å Attempt 1 failed: net::ERR_TUNNEL_CONNECTION_FAILED at https://www.sheinindia.in/
[LOG][2026-03-05T17:01:14.181Z] [DEBUG] Lifecycle: Terminating browser (PID: 9144)...
[LOG][2026-03-05T17:01:14.197Z] [DEBUG] Lifecycle: References cleared.
[LOG][2026-03-05T17:01:14.198Z] ≡ƒÜÇ Launching browser (Attempt 2/3, Proxy: 107.155.103.66)...
[LOG][2026-03-05T17:01:15.653Z] [DEBUG] Browser launched (PID: 7788)
[LOG][2026-03-05T17:01:15.877Z] [DEBUG] New page created
[LOG][2026-03-05T17:01:15.919Z] [DEBUG] Verifying proxy connectivity (60s timeout)...
[LOG][2026-03-05T17:01:17.070Z] ΓÜá∩╕Å Attempt 2 failed: net::ERR_TUNNEL_CONNECTION_FAILED at https://www.sheinindia.in/
[LOG][2026-03-05T17:01:17.070Z] [DEBUG] Lifecycle: Terminating browser (PID: 7788)...
[LOG][2026-03-05T17:01:17.084Z] [DEBUG] Lifecycle: References cleared.
[LOG][2026-03-05T17:01:17.084Z] ≡ƒÜÇ Launching browser (Attempt 3/3, Proxy: 107.155.103.66)...
node : Error: Requesting main 
frame too early!
At line:1 char:1
+ node test_init.js > 
test_output.txt 2>&1
+ ~~~~~~~~~~~~~~~~~~~~~~~~~~~~~
~~~~~~~~~~~
    + CategoryInfo          :  
   NotSpecified: (Error: Requ  
  esting main frame too earl   
 y!:String) [], RemoteExcep    
tion
    + FullyQualifiedErrorId :  
   NativeCommandError
 
    at assert (C:\Users\hario\P
rojects\Telegram Bots\SheinBot\
node_modules\puppeteer-core\lib
\cjs\puppeteer\util\assert.js:1
8:15)
    at FrameManager.mainFrame (
C:\Users\hario\Projects\Telegra
m Bots\SheinBot\node_modules\pu
ppeteer-core\lib\cjs\puppeteer\
cdp\FrameManager.js:208:32)
    at FrameManager.evaluateOnN
ewDocument (C:\Users\hario\Proj
ects\Telegram Bots\SheinBot\nod
e_modules\puppeteer-core\lib\cj
s\puppeteer\cdp\FrameManager.js
:230:43)
    at 
CdpPage.evaluateOnNewDocument (
C:\Users\hario\Projects\Telegra
m Bots\SheinBot\node_modules\pu
ppeteer-core\lib\cjs\puppeteer\
cdp\Page.js:808:41)
    at Plugin.onPageCreated (C:
\Users\hario\Projects\Telegram 
Bots\SheinBot\node_modules\pupp
eteer-extra-plugin-stealth\evas
ions\navigator.webdriver\index.
js:19:16)
    at Plugin._onTargetCreated 
(C:\Users\hario\Projects\Telegr
am Bots\SheinBot\node_modules\p
uppeteer-extra-plugin\dist\inde
x.cjs.js:496:32)
Error: Requesting main frame 
too early!
    at assert (C:\Users\hario\P
rojects\Telegram Bots\SheinBot\
node_modules\puppeteer-core\lib
\cjs\puppeteer\util\assert.js:1
8:15)
    at FrameManager.mainFrame (
C:\Users\hario\Projects\Telegra
m Bots\SheinBot\node_modules\pu
ppeteer-core\lib\cjs\puppeteer\
cdp\FrameManager.js:208:32)
    at FrameManager.evaluateOnN
ewDocument (C:\Users\hario\Proj
ects\Telegram Bots\SheinBot\nod
e_modules\puppeteer-core\lib\cj
s\puppeteer\cdp\FrameManager.js
:230:43)
    at 
CdpPage.evaluateOnNewDocument (
C:\Users\hario\Projects\Telegra
m Bots\SheinBot\node_modules\pu
ppeteer-core\lib\cjs\puppeteer\
cdp\Page.js:808:41)
    at Plugin.onPageCreated (C:
\Users\hario\Projects\Telegram 
Bots\SheinBot\node_modules\pupp
eteer-extra-plugin-stealth\evas
ions\window.outerdimensions\ind
ex.js:20:16)
    at Plugin._onTargetCreated 
(C:\Users\hario\Projects\Telegr
am Bots\SheinBot\node_modules\p
uppeteer-extra-plugin\dist\inde
x.cjs.js:496:32)
Error: Requesting main frame 
too early!
    at assert (C:\Users\hario\P
rojects\Telegram Bots\SheinBot\
node_modules\puppeteer-core\lib
\cjs\puppeteer\util\assert.js:1
8:15)
    at FrameManager.mainFrame (
C:\Users\hario\Projects\Telegra
m Bots\SheinBot\node_modules\pu
ppeteer-core\lib\cjs\puppeteer\
cdp\FrameManager.js:208:32)
    at FrameManager.evaluateOnN
ewDocument (C:\Users\hario\Proj
ects\Telegram Bots\SheinBot\nod
e_modules\puppeteer-core\lib\cj
s\puppeteer\cdp\FrameManager.js
:230:43)
    at 
CdpPage.evaluateOnNewDocument (
C:\Users\hario\Projects\Telegra
m Bots\SheinBot\node_modules\pu
ppeteer-core\lib\cjs\puppeteer\
cdp\Page.js:808:41)
    at 
Object.evaluateOnNewDocument (C
:\Users\hario\Projects\Telegram
 Bots\SheinBot\node_modules\pup
peteer-extra-plugin-stealth\eva
sions\_utils\withUtils.js:33:17
)
    at Plugin.onPageCreated (C:
\Users\hario\Projects\Telegram 
Bots\SheinBot\node_modules\pupp
eteer-extra-plugin-stealth\evas
ions\chrome.app\index.js:20:27)
    at Plugin._onTargetCreated 
(C:\Users\hario\Projects\Telegr
am Bots\SheinBot\node_modules\p
uppeteer-extra-plugin\dist\inde
x.cjs.js:496:32)
Error: Requesting main frame 
too early!
    at assert (C:\Users\hario\P
rojects\Telegram Bots\SheinBot\
node_modules\puppeteer-core\lib
\cjs\puppeteer\util\assert.js:1
8:15)
    at FrameManager.mainFrame (
C:\Users\hario\Projects\Telegra
m Bots\SheinBot\node_modules\pu
ppeteer-core\lib\cjs\puppeteer\
cdp\FrameManager.js:208:32)
    at FrameManager.evaluateOnN
ewDocument (C:\Users\hario\Proj
ects\Telegram Bots\SheinBot\nod
e_modules\puppeteer-core\lib\cj
s\puppeteer\cdp\FrameManager.js
:230:43)
    at 
CdpPage.evaluateOnNewDocument (
C:\Users\hario\Projects\Telegra
m Bots\SheinBot\node_modules\pu
ppeteer-core\lib\cjs\puppeteer\
cdp\Page.js:808:41)
    at 
Object.evaluateOnNewDocument (C
:\Users\hario\Projects\Telegram
 Bots\SheinBot\node_modules\pup
peteer-extra-plugin-stealth\eva
sions\_utils\withUtils.js:33:17
)
    at Plugin.onPageCreated (C:
\Users\hario\Projects\Telegram 
Bots\SheinBot\node_modules\pupp
eteer-extra-plugin-stealth\evas
ions\chrome.csi\index.js:34:27)
    at Plugin._onTargetCreated 
(C:\Users\hario\Projects\Telegr
am Bots\SheinBot\node_modules\p
uppeteer-extra-plugin\dist\inde
x.cjs.js:496:32)
Error: Requesting main frame 
too early!
    at assert (C:\Users\hario\P
rojects\Telegram Bots\SheinBot\
node_modules\puppeteer-core\lib
\cjs\puppeteer\util\assert.js:1
8:15)
    at FrameManager.mainFrame (
C:\Users\hario\Projects\Telegra
m Bots\SheinBot\node_modules\pu
ppeteer-core\lib\cjs\puppeteer\
cdp\FrameManager.js:208:32)
    at FrameManager.evaluateOnN
ewDocument (C:\Users\hario\Proj
ects\Telegram Bots\SheinBot\nod
e_modules\puppeteer-core\lib\cj
s\puppeteer\cdp\FrameManager.js
:230:43)
    at 
CdpPage.evaluateOnNewDocument (
C:\Users\hario\Projects\Telegra
m Bots\SheinBot\node_modules\pu
ppeteer-core\lib\cjs\puppeteer\
cdp\Page.js:808:41)
    at 
Object.evaluateOnNewDocument (C
:\Users\hario\Projects\Telegram
 Bots\SheinBot\node_modules\pup
peteer-extra-plugin-stealth\eva
sions\_utils\withUtils.js:33:17
)
    at Plugin.onPageCreated (C:
\Users\hario\Projects\Telegram 
Bots\SheinBot\node_modules\pupp
eteer-extra-plugin-stealth\evas
ions\chrome.loadTimes\index.js:
32:27)
    at Plugin._onTargetCreated 
(C:\Users\hario\Projects\Telegr
am Bots\SheinBot\node_modules\p
uppeteer-extra-plugin\dist\inde
x.cjs.js:496:32)
Error: Requesting main frame 
too early!
    at assert (C:\Users\hario\P
rojects\Telegram Bots\SheinBot\
node_modules\puppeteer-core\lib
\cjs\puppeteer\util\assert.js:1
8:15)
    at FrameManager.mainFrame (
C:\Users\hario\Projects\Telegra
m Bots\SheinBot\node_modules\pu
ppeteer-core\lib\cjs\puppeteer\
cdp\FrameManager.js:208:32)
    at FrameManager.evaluateOnN
ewDocument (C:\Users\hario\Proj
ects\Telegram Bots\SheinBot\nod
e_modules\puppeteer-core\lib\cj
s\puppeteer\cdp\FrameManager.js
:230:43)
    at 
CdpPage.evaluateOnNewDocument (
C:\Users\hario\Projects\Telegra
m Bots\SheinBot\node_modules\pu
ppeteer-core\lib\cjs\puppeteer\
cdp\Page.js:808:41)
    at 
Object.evaluateOnNewDocument (C
:\Users\hario\Projects\Telegram
 Bots\SheinBot\node_modules\pup
peteer-extra-plugin-stealth\eva
sions\_utils\withUtils.js:33:17
)
    at Plugin.onPageCreated (C:
\Users\hario\Projects\Telegram 
Bots\SheinBot\node_modules\pupp
eteer-extra-plugin-stealth\evas
ions\chrome.runtime\index.js:26
:27)
    at Plugin._onTargetCreated 
(C:\Users\hario\Projects\Telegr
am Bots\SheinBot\node_modules\p
uppeteer-extra-plugin\dist\inde
x.cjs.js:496:32)
Error: Requesting main frame 
too early!
    at assert (C:\Users\hario\P
rojects\Telegram Bots\SheinBot\
node_modules\puppeteer-core\lib
\cjs\puppeteer\util\assert.js:1
8:15)
    at FrameManager.mainFrame (
C:\Users\hario\Projects\Telegra
m Bots\SheinBot\node_modules\pu
ppeteer-core\lib\cjs\puppeteer\
cdp\FrameManager.js:208:32)
    at FrameManager.evaluateOnN
ewDocument (C:\Users\hario\Proj
ects\Telegram Bots\SheinBot\nod
e_modules\puppeteer-core\lib\cj
s\puppeteer\cdp\FrameManager.js
:230:43)
    at 
CdpPage.evaluateOnNewDocument (
C:\Users\hario\Projects\Telegra
m Bots\SheinBot\node_modules\pu
ppeteer-core\lib\cjs\puppeteer\
cdp\Page.js:808:41)
    at 
Object.evaluateOnNewDocument (C
:\Users\hario\Projects\Telegram
 Bots\SheinBot\node_modules\pup
peteer-extra-plugin-stealth\eva
sions\_utils\withUtils.js:33:17
)
    at Plugin.onPageCreated (C:
\Users\hario\Projects\Telegram 
Bots\SheinBot\node_modules\pupp
eteer-extra-plugin-stealth\evas
ions\media.codecs\index.js:21:2
7)
    at Plugin._onTargetCreated 
(C:\Users\hario\Projects\Telegr
am Bots\SheinBot\node_modules\p
uppeteer-extra-plugin\dist\inde
x.cjs.js:496:32)
Error: Requesting main frame 
too early!
    at assert (C:\Users\hario\P
rojects\Telegram Bots\SheinBot\
node_modules\puppeteer-core\lib
\cjs\puppeteer\util\assert.js:1
8:15)
    at FrameManager.mainFrame (
C:\Users\hario\Projects\Telegra
m Bots\SheinBot\node_modules\pu
ppeteer-core\lib\cjs\puppeteer\
cdp\FrameManager.js:208:32)
    at FrameManager.evaluateOnN
ewDocument (C:\Users\hario\Proj
ects\Telegram Bots\SheinBot\nod
e_modules\puppeteer-core\lib\cj
s\puppeteer\cdp\FrameManager.js
:230:43)
    at 
CdpPage.evaluateOnNewDocument (
C:\Users\hario\Projects\Telegra
m Bots\SheinBot\node_modules\pu
ppeteer-core\lib\cjs\puppeteer\
cdp\Page.js:808:41)
    at 
Object.evaluateOnNewDocument (C
:\Users\hario\Projects\Telegram
 Bots\SheinBot\node_modules\pup
peteer-extra-plugin-stealth\eva
sions\_utils\withUtils.js:33:17
)
    at Plugin.onPageCreated (C:
\Users\hario\Projects\Telegram 
Bots\SheinBot\node_modules\pupp
eteer-extra-plugin-stealth\evas
ions\navigator.hardwareConcurre
ncy\index.js:32:27)
    at Plugin._onTargetCreated 
(C:\Users\hario\Projects\Telegr
am Bots\SheinBot\node_modules\p
uppeteer-extra-plugin\dist\inde
x.cjs.js:496:32)
Error: Requesting main frame 
too early!
    at assert (C:\Users\hario\P
rojects\Telegram Bots\SheinBot\
node_modules\puppeteer-core\lib
\cjs\puppeteer\util\assert.js:1
8:15)
    at FrameManager.mainFrame (
C:\Users\hario\Projects\Telegra
m Bots\SheinBot\node_modules\pu
ppeteer-core\lib\cjs\puppeteer\
cdp\FrameManager.js:208:32)
    at FrameManager.evaluateOnN
ewDocument (C:\Users\hario\Proj
ects\Telegram Bots\SheinBot\nod
e_modules\puppeteer-core\lib\cj
s\puppeteer\cdp\FrameManager.js
:230:43)
    at 
CdpPage.evaluateOnNewDocument (
C:\Users\hario\Projects\Telegra
m Bots\SheinBot\node_modules\pu
ppeteer-core\lib\cjs\puppeteer\
cdp\Page.js:808:41)
    at 
Object.evaluateOnNewDocument (C
:\Users\hario\Projects\Telegram
 Bots\SheinBot\node_modules\pup
peteer-extra-plugin-stealth\eva
sions\_utils\withUtils.js:33:17
)
    at Plugin.onPageCreated (C:
\Users\hario\Projects\Telegram 
Bots\SheinBot\node_modules\pupp
eteer-extra-plugin-stealth\evas
ions\navigator.languages\index.
js:28:27)
    at Plugin._onTargetCreated 
(C:\Users\hario\Projects\Telegr
am Bots\SheinBot\node_modules\p
uppeteer-extra-plugin\dist\inde
x.cjs.js:496:32)
Error: Requesting main frame 
too early!
    at assert (C:\Users\hario\P
rojects\Telegram Bots\SheinBot\
node_modules\puppeteer-core\lib
\cjs\puppeteer\util\assert.js:1
8:15)
    at FrameManager.mainFrame (
C:\Users\hario\Projects\Telegra
m Bots\SheinBot\node_modules\pu
ppeteer-core\lib\cjs\puppeteer\
cdp\FrameManager.js:208:32)
    at FrameManager.evaluateOnN
ewDocument (C:\Users\hario\Proj
ects\Telegram Bots\SheinBot\nod
e_modules\puppeteer-core\lib\cj
s\puppeteer\cdp\FrameManager.js
:230:43)
    at 
CdpPage.evaluateOnNewDocument (
C:\Users\hario\Projects\Telegra
m Bots\SheinBot\node_modules\pu
ppeteer-core\lib\cjs\puppeteer\
cdp\Page.js:808:41)
    at 
Object.evaluateOnNewDocument (C
:\Users\hario\Projects\Telegram
 Bots\SheinBot\node_modules\pup
peteer-extra-plugin-stealth\eva
sions\_utils\withUtils.js:33:17
)
    at Plugin.onPageCreated (C:
\Users\hario\Projects\Telegram 
Bots\SheinBot\node_modules\pupp
eteer-extra-plugin-stealth\evas
ions\navigator.permissions\inde
x.js:24:27)
    at Plugin._onTargetCreated 
(C:\Users\hario\Projects\Telegr
am Bots\SheinBot\node_modules\p
uppeteer-extra-plugin\dist\inde
x.cjs.js:496:32)
Error: Requesting main frame 
too early!
    at assert (C:\Users\hario\P
rojects\Telegram Bots\SheinBot\
node_modules\puppeteer-core\lib
\cjs\puppeteer\util\assert.js:1
8:15)
    at FrameManager.mainFrame (
C:\Users\hario\Projects\Telegra
m Bots\SheinBot\node_modules\pu
ppeteer-core\lib\cjs\puppeteer\
cdp\FrameManager.js:208:32)
    at FrameManager.evaluateOnN
ewDocument (C:\Users\hario\Proj
ects\Telegram Bots\SheinBot\nod
e_modules\puppeteer-core\lib\cj
s\puppeteer\cdp\FrameManager.js
:230:43)
    at 
CdpPage.evaluateOnNewDocument (
C:\Users\hario\Projects\Telegra
m Bots\SheinBot\node_modules\pu
ppeteer-core\lib\cjs\puppeteer\
cdp\Page.js:808:41)
    at 
Object.evaluateOnNewDocument (C
:\Users\hario\Projects\Telegram
 Bots\SheinBot\node_modules\pup
peteer-extra-plugin-stealth\eva
sions\_utils\withUtils.js:33:17
)
    at Plugin.onPageCreated (C:
\Users\hario\Projects\Telegram 
Bots\SheinBot\node_modules\pupp
eteer-extra-plugin-stealth\evas
ions\navigator.plugins\index.js
:36:27)
    at Plugin._onTargetCreated 
(C:\Users\hario\Projects\Telegr
am Bots\SheinBot\node_modules\p
uppeteer-extra-plugin\dist\inde
x.cjs.js:496:32)
Error: Requesting main frame 
too early!
    at assert (C:\Users\hario\P
rojects\Telegram Bots\SheinBot\
node_modules\puppeteer-core\lib
\cjs\puppeteer\util\assert.js:1
8:15)
    at FrameManager.mainFrame (
C:\Users\hario\Projects\Telegra
m Bots\SheinBot\node_modules\pu
ppeteer-core\lib\cjs\puppeteer\
cdp\FrameManager.js:208:32)
    at FrameManager.evaluateOnN
ewDocument (C:\Users\hario\Proj
ects\Telegram Bots\SheinBot\nod
e_modules\puppeteer-core\lib\cj
s\puppeteer\cdp\FrameManager.js
:230:43)
    at 
CdpPage.evaluateOnNewDocument (
C:\Users\hario\Projects\Telegra
m Bots\SheinBot\node_modules\pu
ppeteer-core\lib\cjs\puppeteer\
cdp\Page.js:808:41)
    at 
Object.evaluateOnNewDocument (C
:\Users\hario\Projects\Telegram
 Bots\SheinBot\node_modules\pup
peteer-extra-plugin-stealth\eva
sions\_utils\withUtils.js:33:17
)
    at Plugin.onPageCreated (C:
\Users\hario\Projects\Telegram 
Bots\SheinBot\node_modules\pupp
eteer-extra-plugin-stealth\evas
ions\webgl.vendor\index.js:27:2
7)
    at Plugin._onTargetCreated 
(C:\Users\hario\Projects\Telegr
am Bots\SheinBot\node_modules\p
uppeteer-extra-plugin\dist\inde
x.cjs.js:496:32)
Error: Requesting main frame 
too early!
    at assert (C:\Users\hario\P
rojects\Telegram Bots\SheinBot\
node_modules\puppeteer-core\lib
\cjs\puppeteer\util\assert.js:1
8:15)
    at FrameManager.mainFrame (
C:\Users\hario\Projects\Telegra
m Bots\SheinBot\node_modules\pu
ppeteer-core\lib\cjs\puppeteer\
cdp\FrameManager.js:208:32)
    at FrameManager.evaluateOnN
ewDocument (C:\Users\hario\Proj
ects\Telegram Bots\SheinBot\nod
e_modules\puppeteer-core\lib\cj
s\puppeteer\cdp\FrameManager.js
:230:43)
    at 
CdpPage.evaluateOnNewDocument (
C:\Users\hario\Projects\Telegra
m Bots\SheinBot\node_modules\pu
ppeteer-core\lib\cjs\puppeteer\
cdp\Page.js:808:41)
    at 
Object.evaluateOnNewDocument (C
:\Users\hario\Projects\Telegram
 Bots\SheinBot\node_modules\pup
peteer-extra-plugin-stealth\eva
sions\_utils\withUtils.js:33:17
)
    at Plugin.onPageCreated (C:
\Users\hario\Projects\Telegram 
Bots\SheinBot\node_modules\pupp
eteer-extra-plugin-stealth\evas
ions\iframe.contentWindow\index
.js:28:27)
    at Plugin._onTargetCreated 
(C:\Users\hario\Projects\Telegr
am Bots\SheinBot\node_modules\p
uppeteer-extra-plugin\dist\inde
x.cjs.js:496:32)
Error: Requesting main frame 
too early!
    at assert (C:\Users\hario\P
rojects\Telegram Bots\SheinBot\
node_modules\puppeteer-core\lib
\cjs\puppeteer\util\assert.js:1
8:15)
    at FrameManager.mainFrame (
C:\Users\hario\Projects\Telegra
m Bots\SheinBot\node_modules\pu
ppeteer-core\lib\cjs\puppeteer\
cdp\FrameManager.js:208:32)
    at FrameManager.evaluateOnN
ewDocument (C:\Users\hario\Proj
ects\Telegram Bots\SheinBot\nod
e_modules\puppeteer-core\lib\cj
s\puppeteer\cdp\FrameManager.js
:230:43)
    at 
CdpPage.evaluateOnNewDocument (
C:\Users\hario\Projects\Telegra
m Bots\SheinBot\node_modules\pu
ppeteer-core\lib\cjs\puppeteer\
cdp\Page.js:808:41)
    at Plugin.onPageCreated (C:
\Users\hario\Projects\Telegram 
Bots\SheinBot\node_modules\pupp
eteer-extra-plugin-stealth\evas
ions\navigator.webdriver\index.
js:19:16)
    at Plugin._onTargetCreated 
(C:\Users\hario\Projects\Telegr
am Bots\SheinBot\node_modules\p
uppeteer-extra-plugin\dist\inde
x.cjs.js:496:32)
Error: Requesting main frame 
too early!
    at assert (C:\Users\hario\P
rojects\Telegram Bots\SheinBot\
node_modules\puppeteer-core\lib
\cjs\puppeteer\util\assert.js:1
8:15)
    at FrameManager.mainFrame (
C:\Users\hario\Projects\Telegra
m Bots\SheinBot\node_modules\pu
ppeteer-core\lib\cjs\puppeteer\
cdp\FrameManager.js:208:32)
    at FrameManager.evaluateOnN
ewDocument (C:\Users\hario\Proj
ects\Telegram Bots\SheinBot\nod
e_modules\puppeteer-core\lib\cj
s\puppeteer\cdp\FrameManager.js
:230:43)
    at 
CdpPage.evaluateOnNewDocument (
C:\Users\hario\Projects\Telegra
m Bots\SheinBot\node_modules\pu
ppeteer-core\lib\cjs\puppeteer\
cdp\Page.js:808:41)
    at Plugin.onPageCreated (C:
\Users\hario\Projects\Telegram 
Bots\SheinBot\node_modules\pupp
eteer-extra-plugin-stealth\evas
ions\window.outerdimensions\ind
ex.js:20:16)
    at Plugin._onTargetCreated 
(C:\Users\hario\Projects\Telegr
am Bots\SheinBot\node_modules\p
uppeteer-extra-plugin\dist\inde
x.cjs.js:496:32)
Error: Requesting main frame 
too early!
    at assert (C:\Users\hario\P
rojects\Telegram Bots\SheinBot\
node_modules\puppeteer-core\lib
\cjs\puppeteer\util\assert.js:1
8:15)
    at FrameManager.mainFrame (
C:\Users\hario\Projects\Telegra
m Bots\SheinBot\node_modules\pu
ppeteer-core\lib\cjs\puppeteer\
cdp\FrameManager.js:208:32)
    at FrameManager.evaluateOnN
ewDocument (C:\Users\hario\Proj
ects\Telegram Bots\SheinBot\nod
e_modules\puppeteer-core\lib\cj
s\puppeteer\cdp\FrameManager.js
:230:43)
    at 
CdpPage.evaluateOnNewDocument (
C:\Users\hario\Projects\Telegra
m Bots\SheinBot\node_modules\pu
ppeteer-core\lib\cjs\puppeteer\
cdp\Page.js:808:41)
    at 
Object.evaluateOnNewDocument (C
:\Users\hario\Projects\Telegram
 Bots\SheinBot\node_modules\pup
peteer-extra-plugin-stealth\eva
sions\_utils\withUtils.js:33:17
)
    at Plugin.onPageCreated (C:
\Users\hario\Projects\Telegram 
Bots\SheinBot\node_modules\pupp
eteer-extra-plugin-stealth\evas
ions\chrome.app\index.js:20:27)
    at Plugin._onTargetCreated 
(C:\Users\hario\Projects\Telegr
am Bots\SheinBot\node_modules\p
uppeteer-extra-plugin\dist\inde
x.cjs.js:496:32)
Error: Requesting main frame 
too early!
    at assert (C:\Users\hario\P
rojects\Telegram Bots\SheinBot\
node_modules\puppeteer-core\lib
\cjs\puppeteer\util\assert.js:1
8:15)
    at FrameManager.mainFrame (
C:\Users\hario\Projects\Telegra
m Bots\SheinBot\node_modules\pu
ppeteer-core\lib\cjs\puppeteer\
cdp\FrameManager.js:208:32)
    at FrameManager.evaluateOnN
ewDocument (C:\Users\hario\Proj
ects\Telegram Bots\SheinBot\nod
e_modules\puppeteer-core\lib\cj
s\puppeteer\cdp\FrameManager.js
:230:43)
    at 
CdpPage.evaluateOnNewDocument (
C:\Users\hario\Projects\Telegra
m Bots\SheinBot\node_modules\pu
ppeteer-core\lib\cjs\puppeteer\
cdp\Page.js:808:41)
    at 
Object.evaluateOnNewDocument (C
:\Users\hario\Projects\Telegram
 Bots\SheinBot\node_modules\pup
peteer-extra-plugin-stealth\eva
sions\_utils\withUtils.js:33:17
)
    at Plugin.onPageCreated (C:
\Users\hario\Projects\Telegram 
Bots\SheinBot\node_modules\pupp
eteer-extra-plugin-stealth\evas
ions\chrome.csi\index.js:34:27)
    at Plugin._onTargetCreated 
(C:\Users\hario\Projects\Telegr
am Bots\SheinBot\node_modules\p
uppeteer-extra-plugin\dist\inde
x.cjs.js:496:32)
Error: Requesting main frame 
too early!
    at assert (C:\Users\hario\P
rojects\Telegram Bots\SheinBot\
node_modules\puppeteer-core\lib
\cjs\puppeteer\util\assert.js:1
8:15)
    at FrameManager.mainFrame (
C:\Users\hario\Projects\Telegra
m Bots\SheinBot\node_modules\pu
ppeteer-core\lib\cjs\puppeteer\
cdp\FrameManager.js:208:32)
    at FrameManager.evaluateOnN
ewDocument (C:\Users\hario\Proj
ects\Telegram Bots\SheinBot\nod
e_modules\puppeteer-core\lib\cj
s\puppeteer\cdp\FrameManager.js
:230:43)
    at 
CdpPage.evaluateOnNewDocument (
C:\Users\hario\Projects\Telegra
m Bots\SheinBot\node_modules\pu
ppeteer-core\lib\cjs\puppeteer\
cdp\Page.js:808:41)
    at 
Object.evaluateOnNewDocument (C
:\Users\hario\Projects\Telegram
 Bots\SheinBot\node_modules\pup
peteer-extra-plugin-stealth\eva
sions\_utils\withUtils.js:33:17
)
    at Plugin.onPageCreated (C:
\Users\hario\Projects\Telegram 
Bots\SheinBot\node_modules\pupp
eteer-extra-plugin-stealth\evas
ions\chrome.loadTimes\index.js:
32:27)
    at Plugin._onTargetCreated 
(C:\Users\hario\Projects\Telegr
am Bots\SheinBot\node_modules\p
uppeteer-extra-plugin\dist\inde
x.cjs.js:496:32)
Error: Requesting main frame 
too early!
    at assert (C:\Users\hario\P
rojects\Telegram Bots\SheinBot\
node_modules\puppeteer-core\lib
\cjs\puppeteer\util\assert.js:1
8:15)
    at FrameManager.mainFrame (
C:\Users\hario\Projects\Telegra
m Bots\SheinBot\node_modules\pu
ppeteer-core\lib\cjs\puppeteer\
cdp\FrameManager.js:208:32)
    at FrameManager.evaluateOnN
ewDocument (C:\Users\hario\Proj
ects\Telegram Bots\SheinBot\nod
e_modules\puppeteer-core\lib\cj
s\puppeteer\cdp\FrameManager.js
:230:43)
    at 
CdpPage.evaluateOnNewDocument (
C:\Users\hario\Projects\Telegra
m Bots\SheinBot\node_modules\pu
ppeteer-core\lib\cjs\puppeteer\
cdp\Page.js:808:41)
    at 
Object.evaluateOnNewDocument (C
:\Users\hario\Projects\Telegram
 Bots\SheinBot\node_modules\pup
peteer-extra-plugin-stealth\eva
sions\_utils\withUtils.js:33:17
)
    at Plugin.onPageCreated (C:
\Users\hario\Projects\Telegram 
Bots\SheinBot\node_modules\pupp
eteer-extra-plugin-stealth\evas
ions\chrome.runtime\index.js:26
:27)
    at Plugin._onTargetCreated 
(C:\Users\hario\Projects\Telegr
am Bots\SheinBot\node_modules\p
uppeteer-extra-plugin\dist\inde
x.cjs.js:496:32)
Error: Requesting main frame 
too early!
    at assert (C:\Users\hario\P
rojects\Telegram Bots\SheinBot\
node_modules\puppeteer-core\lib
\cjs\puppeteer\util\assert.js:1
8:15)
    at FrameManager.mainFrame (
C:\Users\hario\Projects\Telegra
m Bots\SheinBot\node_modules\pu
ppeteer-core\lib\cjs\puppeteer\
cdp\FrameManager.js:208:32)
    at FrameManager.evaluateOnN
ewDocument (C:\Users\hario\Proj
ects\Telegram Bots\SheinBot\nod
e_modules\puppeteer-core\lib\cj
s\puppeteer\cdp\FrameManager.js
:230:43)
    at 
CdpPage.evaluateOnNewDocument (
C:\Users\hario\Projects\Telegra
m Bots\SheinBot\node_modules\pu
ppeteer-core\lib\cjs\puppeteer\
cdp\Page.js:808:41)
    at 
Object.evaluateOnNewDocument (C
:\Users\hario\Projects\Telegram
 Bots\SheinBot\node_modules\pup
peteer-extra-plugin-stealth\eva
sions\_utils\withUtils.js:33:17
)
    at Plugin.onPageCreated (C:
\Users\hario\Projects\Telegram 
Bots\SheinBot\node_modules\pupp
eteer-extra-plugin-stealth\evas
ions\media.codecs\index.js:21:2
7)
    at Plugin._onTargetCreated 
(C:\Users\hario\Projects\Telegr
am Bots\SheinBot\node_modules\p
uppeteer-extra-plugin\dist\inde
x.cjs.js:496:32)
Error: Requesting main frame 
too early!
    at assert (C:\Users\hario\P
rojects\Telegram Bots\SheinBot\
node_modules\puppeteer-core\lib
\cjs\puppeteer\util\assert.js:1
8:15)
    at FrameManager.mainFrame (
C:\Users\hario\Projects\Telegra
m Bots\SheinBot\node_modules\pu
ppeteer-core\lib\cjs\puppeteer\
cdp\FrameManager.js:208:32)
    at FrameManager.evaluateOnN
ewDocument (C:\Users\hario\Proj
ects\Telegram Bots\SheinBot\nod
e_modules\puppeteer-core\lib\cj
s\puppeteer\cdp\FrameManager.js
:230:43)
    at 
CdpPage.evaluateOnNewDocument (
C:\Users\hario\Projects\Telegra
m Bots\SheinBot\node_modules\pu
ppeteer-core\lib\cjs\puppeteer\
cdp\Page.js:808:41)
    at 
Object.evaluateOnNewDocument (C
:\Users\hario\Projects\Telegram
 Bots\SheinBot\node_modules\pup
peteer-extra-plugin-stealth\eva
sions\_utils\withUtils.js:33:17
)
    at Plugin.onPageCreated (C:
\Users\hario\Projects\Telegram 
Bots\SheinBot\node_modules\pupp
eteer-extra-plugin-stealth\evas
ions\navigator.hardwareConcurre
ncy\index.js:32:27)
    at Plugin._onTargetCreated 
(C:\Users\hario\Projects\Telegr
am Bots\SheinBot\node_modules\p
uppeteer-extra-plugin\dist\inde
x.cjs.js:496:32)
Error: Requesting main frame 
too early!
    at assert (C:\Users\hario\P
rojects\Telegram Bots\SheinBot\
node_modules\puppeteer-core\lib
\cjs\puppeteer\util\assert.js:1
8:15)
    at FrameManager.mainFrame (
C:\Users\hario\Projects\Telegra
m Bots\SheinBot\node_modules\pu
ppeteer-core\lib\cjs\puppeteer\
cdp\FrameManager.js:208:32)
    at FrameManager.evaluateOnN
ewDocument (C:\Users\hario\Proj
ects\Telegram Bots\SheinBot\nod
e_modules\puppeteer-core\lib\cj
s\puppeteer\cdp\FrameManager.js
:230:43)
    at 
CdpPage.evaluateOnNewDocument (
C:\Users\hario\Projects\Telegra
m Bots\SheinBot\node_modules\pu
ppeteer-core\lib\cjs\puppeteer\
cdp\Page.js:808:41)
    at 
Object.evaluateOnNewDocument (C
:\Users\hario\Projects\Telegram
 Bots\SheinBot\node_modules\pup
peteer-extra-plugin-stealth\eva
sions\_utils\withUtils.js:33:17
)
    at Plugin.onPageCreated (C:
\Users\hario\Projects\Telegram 
Bots\SheinBot\node_modules\pupp
eteer-extra-plugin-stealth\evas
ions\navigator.languages\index.
js:28:27)
    at Plugin._onTargetCreated 
(C:\Users\hario\Projects\Telegr
am Bots\SheinBot\node_modules\p
uppeteer-extra-plugin\dist\inde
x.cjs.js:496:32)
Error: Requesting main frame 
too early!
    at assert (C:\Users\hario\P
rojects\Telegram Bots\SheinBot\
node_modules\puppeteer-core\lib
\cjs\puppeteer\util\assert.js:1
8:15)
    at FrameManager.mainFrame (
C:\Users\hario\Projects\Telegra
m Bots\SheinBot\node_modules\pu
ppeteer-core\lib\cjs\puppeteer\
cdp\FrameManager.js:208:32)
    at FrameManager.evaluateOnN
ewDocument (C:\Users\hario\Proj
ects\Telegram Bots\SheinBot\nod
e_modules\puppeteer-core\lib\cj
s\puppeteer\cdp\FrameManager.js
:230:43)
    at 
CdpPage.evaluateOnNewDocument (
C:\Users\hario\Projects\Telegra
m Bots\SheinBot\node_modules\pu
ppeteer-core\lib\cjs\puppeteer\
cdp\Page.js:808:41)
    at 
Object.evaluateOnNewDocument (C
:\Users\hario\Projects\Telegram
 Bots\SheinBot\node_modules\pup
peteer-extra-plugin-stealth\eva
sions\_utils\withUtils.js:33:17
)
    at Plugin.onPageCreated (C:
\Users\hario\Projects\Telegram 
Bots\SheinBot\node_modules\pupp
eteer-extra-plugin-stealth\evas
ions\navigator.permissions\inde
x.js:24:27)
    at Plugin._onTargetCreated 
(C:\Users\hario\Projects\Telegr
am Bots\SheinBot\node_modules\p
uppeteer-extra-plugin\dist\inde
x.cjs.js:496:32)
Error: Requesting main frame 
too early!
    at assert (C:\Users\hario\P
rojects\Telegram Bots\SheinBot\
node_modules\puppeteer-core\lib
\cjs\puppeteer\util\assert.js:1
8:15)
    at FrameManager.mainFrame (
C:\Users\hario\Projects\Telegra
m Bots\SheinBot\node_modules\pu
ppeteer-core\lib\cjs\puppeteer\
cdp\FrameManager.js:208:32)
    at FrameManager.evaluateOnN
ewDocument (C:\Users\hario\Proj
ects\Telegram Bots\SheinBot\nod
e_modules\puppeteer-core\lib\cj
s\puppeteer\cdp\FrameManager.js
:230:43)
    at 
CdpPage.evaluateOnNewDocument (
C:\Users\hario\Projects\Telegra
m Bots\SheinBot\node_modules\pu
ppeteer-core\lib\cjs\puppeteer\
cdp\Page.js:808:41)
    at 
Object.evaluateOnNewDocument (C
:\Users\hario\Projects\Telegram
 Bots\SheinBot\node_modules\pup
peteer-extra-plugin-stealth\eva
sions\_utils\withUtils.js:33:17
)
    at Plugin.onPageCreated (C:
\Users\hario\Projects\Telegram 
Bots\SheinBot\node_modules\pupp
eteer-extra-plugin-stealth\evas
ions\navigator.plugins\index.js
:36:27)
    at Plugin._onTargetCreated 
(C:\Users\hario\Projects\Telegr
am Bots\SheinBot\node_modules\p
uppeteer-extra-plugin\dist\inde
x.cjs.js:496:32)
Error: Requesting main frame 
too early!
    at assert (C:\Users\hario\P
rojects\Telegram Bots\SheinBot\
node_modules\puppeteer-core\lib
\cjs\puppeteer\util\assert.js:1
8:15)
    at FrameManager.mainFrame (
C:\Users\hario\Projects\Telegra
m Bots\SheinBot\node_modules\pu
ppeteer-core\lib\cjs\puppeteer\
cdp\FrameManager.js:208:32)
    at FrameManager.evaluateOnN
ewDocument (C:\Users\hario\Proj
ects\Telegram Bots\SheinBot\nod
e_modules\puppeteer-core\lib\cj
s\puppeteer\cdp\FrameManager.js
:230:43)
    at 
CdpPage.evaluateOnNewDocument (
C:\Users\hario\Projects\Telegra
m Bots\SheinBot\node_modules\pu
ppeteer-core\lib\cjs\puppeteer\
cdp\Page.js:808:41)
    at 
Object.evaluateOnNewDocument (C
:\Users\hario\Projects\Telegram
 Bots\SheinBot\node_modules\pup
peteer-extra-plugin-stealth\eva
sions\_utils\withUtils.js:33:17
)
    at Plugin.onPageCreated (C:
\Users\hario\Projects\Telegram 
Bots\SheinBot\node_modules\pupp
eteer-extra-plugin-stealth\evas
ions\webgl.vendor\index.js:27:2
7)
    at Plugin._onTargetCreated 
(C:\Users\hario\Projects\Telegr
am Bots\SheinBot\node_modules\p
uppeteer-extra-plugin\dist\inde
x.cjs.js:496:32)
Error: Requesting main frame 
too early!
    at assert (C:\Users\hario\P
rojects\Telegram Bots\SheinBot\
node_modules\puppeteer-core\lib
\cjs\puppeteer\util\assert.js:1
8:15)
    at FrameManager.mainFrame (
C:\Users\hario\Projects\Telegra
m Bots\SheinBot\node_modules\pu
ppeteer-core\lib\cjs\puppeteer\
cdp\FrameManager.js:208:32)
    at FrameManager.evaluateOnN
ewDocument (C:\Users\hario\Proj
ects\Telegram Bots\SheinBot\nod
e_modules\puppeteer-core\lib\cj
s\puppeteer\cdp\FrameManager.js
:230:43)
    at 
CdpPage.evaluateOnNewDocument (
C:\Users\hario\Projects\Telegra
m Bots\SheinBot\node_modules\pu
ppeteer-core\lib\cjs\puppeteer\
cdp\Page.js:808:41)
    at 
Object.evaluateOnNewDocument (C
:\Users\hario\Projects\Telegram
 Bots\SheinBot\node_modules\pup
peteer-extra-plugin-stealth\eva
sions\_utils\withUtils.js:33:17
)
    at Plugin.onPageCreated (C:
\Users\hario\Projects\Telegram 
Bots\SheinBot\node_modules\pupp
eteer-extra-plugin-stealth\evas
ions\iframe.contentWindow\index
.js:28:27)
    at Plugin._onTargetCreated 
(C:\Users\hario\Projects\Telegr
am Bots\SheinBot\node_modules\p
uppeteer-extra-plugin\dist\inde
x.cjs.js:496:32)
Error: Requesting main frame 
too early!
    at assert (C:\Users\hario\P
rojects\Telegram Bots\SheinBot\
node_modules\puppeteer-core\lib
\cjs\puppeteer\util\assert.js:1
8:15)
    at FrameManager.mainFrame (
C:\Users\hario\Projects\Telegra
m Bots\SheinBot\node_modules\pu
ppeteer-core\lib\cjs\puppeteer\
cdp\FrameManager.js:208:32)
    at FrameManager.evaluateOnN
ewDocument (C:\Users\hario\Proj
ects\Telegram Bots\SheinBot\nod
e_modules\puppeteer-core\lib\cj
s\puppeteer\cdp\FrameManager.js
:230:43)
    at 
CdpPage.evaluateOnNewDocument (
C:\Users\hario\Projects\Telegra
m Bots\SheinBot\node_modules\pu
ppeteer-core\lib\cjs\puppeteer\
cdp\Page.js:808:41)
    at Plugin.onPageCreated (C:
\Users\hario\Projects\Telegram 
Bots\SheinBot\node_modules\pupp
eteer-extra-plugin-stealth\evas
ions\navigator.webdriver\index.
js:19:16)
    at Plugin._onTargetCreated 
(C:\Users\hario\Projects\Telegr
am Bots\SheinBot\node_modules\p
uppeteer-extra-plugin\dist\inde
x.cjs.js:496:32)
Error: Requesting main frame 
too early!
    at assert (C:\Users\hario\P
rojects\Telegram Bots\SheinBot\
node_modules\puppeteer-core\lib
\cjs\puppeteer\util\assert.js:1
8:15)
    at FrameManager.mainFrame (
C:\Users\hario\Projects\Telegra
m Bots\SheinBot\node_modules\pu
ppeteer-core\lib\cjs\puppeteer\
cdp\FrameManager.js:208:32)
    at FrameManager.evaluateOnN
ewDocument (C:\Users\hario\Proj
ects\Telegram Bots\SheinBot\nod
e_modules\puppeteer-core\lib\cj
s\puppeteer\cdp\FrameManager.js
:230:43)
    at 
CdpPage.evaluateOnNewDocument (
C:\Users\hario\Projects\Telegra
m Bots\SheinBot\node_modules\pu
ppeteer-core\lib\cjs\puppeteer\
cdp\Page.js:808:41)
    at Plugin.onPageCreated (C:
\Users\hario\Projects\Telegram 
Bots\SheinBot\node_modules\pupp
eteer-extra-plugin-stealth\evas
ions\window.outerdimensions\ind
ex.js:20:16)
    at Plugin._onTargetCreated 
(C:\Users\hario\Projects\Telegr
am Bots\SheinBot\node_modules\p
uppeteer-extra-plugin\dist\inde
x.cjs.js:496:32)
Error: Requesting main frame 
too early!
    at assert (C:\Users\hario\P
rojects\Telegram Bots\SheinBot\
node_modules\puppeteer-core\lib
\cjs\puppeteer\util\assert.js:1
8:15)
    at FrameManager.mainFrame (
C:\Users\hario\Projects\Telegra
m Bots\SheinBot\node_modules\pu
ppeteer-core\lib\cjs\puppeteer\
cdp\FrameManager.js:208:32)
    at FrameManager.evaluateOnN
ewDocument (C:\Users\hario\Proj
ects\Telegram Bots\SheinBot\nod
e_modules\puppeteer-core\lib\cj
s\puppeteer\cdp\FrameManager.js
:230:43)
    at 
CdpPage.evaluateOnNewDocument (
C:\Users\hario\Projects\Telegra
m Bots\SheinBot\node_modules\pu
ppeteer-core\lib\cjs\puppeteer\
cdp\Page.js:808:41)
    at 
Object.evaluateOnNewDocument (C
:\Users\hario\Projects\Telegram
 Bots\SheinBot\node_modules\pup
peteer-extra-plugin-stealth\eva
sions\_utils\withUtils.js:33:17
)
    at Plugin.onPageCreated (C:
\Users\hario\Projects\Telegram 
Bots\SheinBot\node_modules\pupp
eteer-extra-plugin-stealth\evas
ions\chrome.app\index.js:20:27)
    at Plugin._onTargetCreated 
(C:\Users\hario\Projects\Telegr
am Bots\SheinBot\node_modules\p
uppeteer-extra-plugin\dist\inde
x.cjs.js:496:32)
Error: Requesting main frame 
too early!
    at assert (C:\Users\hario\P
rojects\Telegram Bots\SheinBot\
node_modules\puppeteer-core\lib
\cjs\puppeteer\util\assert.js:1
8:15)
    at FrameManager.mainFrame (
C:\Users\hario\Projects\Telegra
m Bots\SheinBot\node_modules\pu
ppeteer-core\lib\cjs\puppeteer\
cdp\FrameManager.js:208:32)
    at FrameManager.evaluateOnN
ewDocument (C:\Users\hario\Proj
ects\Telegram Bots\SheinBot\nod
e_modules\puppeteer-core\lib\cj
s\puppeteer\cdp\FrameManager.js
:230:43)
    at 
CdpPage.evaluateOnNewDocument (
C:\Users\hario\Projects\Telegra
m Bots\SheinBot\node_modules\pu
ppeteer-core\lib\cjs\puppeteer\
cdp\Page.js:808:41)
    at 
Object.evaluateOnNewDocument (C
:\Users\hario\Projects\Telegram
 Bots\SheinBot\node_modules\pup
peteer-extra-plugin-stealth\eva
sions\_utils\withUtils.js:33:17
)
    at Plugin.onPageCreated (C:
\Users\hario\Projects\Telegram 
Bots\SheinBot\node_modules\pupp
eteer-extra-plugin-stealth\evas
ions\chrome.csi\index.js:34:27)
    at Plugin._onTargetCreated 
(C:\Users\hario\Projects\Telegr
am Bots\SheinBot\node_modules\p
uppeteer-extra-plugin\dist\inde
x.cjs.js:496:32)
Error: Requesting main frame 
too early!
    at assert (C:\Users\hario\P
rojects\Telegram Bots\SheinBot\
node_modules\puppeteer-core\lib
\cjs\puppeteer\util\assert.js:1
8:15)
    at FrameManager.mainFrame (
C:\Users\hario\Projects\Telegra
m Bots\SheinBot\node_modules\pu
ppeteer-core\lib\cjs\puppeteer\
cdp\FrameManager.js:208:32)
    at FrameManager.evaluateOnN
ewDocument (C:\Users\hario\Proj
ects\Telegram Bots\SheinBot\nod
e_modules\puppeteer-core\lib\cj
s\puppeteer\cdp\FrameManager.js
:230:43)
    at 
CdpPage.evaluateOnNewDocument (
C:\Users\hario\Projects\Telegra
m Bots\SheinBot\node_modules\pu
ppeteer-core\lib\cjs\puppeteer\
cdp\Page.js:808:41)
    at 
Object.evaluateOnNewDocument (C
:\Users\hario\Projects\Telegram
 Bots\SheinBot\node_modules\pup
peteer-extra-plugin-stealth\eva
sions\_utils\withUtils.js:33:17
)
    at Plugin.onPageCreated (C:
\Users\hario\Projects\Telegram 
Bots\SheinBot\node_modules\pupp
eteer-extra-plugin-stealth\evas
ions\chrome.loadTimes\index.js:
32:27)
    at Plugin._onTargetCreated 
(C:\Users\hario\Projects\Telegr
am Bots\SheinBot\node_modules\p
uppeteer-extra-plugin\dist\inde
x.cjs.js:496:32)
Error: Requesting main frame 
too early!
    at assert (C:\Users\hario\P
rojects\Telegram Bots\SheinBot\
node_modules\puppeteer-core\lib
\cjs\puppeteer\util\assert.js:1
8:15)
    at FrameManager.mainFrame (
C:\Users\hario\Projects\Telegra
m Bots\SheinBot\node_modules\pu
ppeteer-core\lib\cjs\puppeteer\
cdp\FrameManager.js:208:32)
    at FrameManager.evaluateOnN
ewDocument (C:\Users\hario\Proj
ects\Telegram Bots\SheinBot\nod
e_modules\puppeteer-core\lib\cj
s\puppeteer\cdp\FrameManager.js
:230:43)
    at 
CdpPage.evaluateOnNewDocument (
C:\Users\hario\Projects\Telegra
m Bots\SheinBot\node_modules\pu
ppeteer-core\lib\cjs\puppeteer\
cdp\Page.js:808:41)
    at 
Object.evaluateOnNewDocument (C
:\Users\hario\Projects\Telegram
 Bots\SheinBot\node_modules\pup
peteer-extra-plugin-stealth\eva
sions\_utils\withUtils.js:33:17
)
    at Plugin.onPageCreated (C:
\Users\hario\Projects\Telegram 
Bots\SheinBot\node_modules\pupp
eteer-extra-plugin-stealth\evas
ions\chrome.runtime\index.js:26
:27)
    at Plugin._onTargetCreated 
(C:\Users\hario\Projects\Telegr
am Bots\SheinBot\node_modules\p
uppeteer-extra-plugin\dist\inde
x.cjs.js:496:32)
Error: Requesting main frame 
too early!
    at assert (C:\Users\hario\P
rojects\Telegram Bots\SheinBot\
node_modules\puppeteer-core\lib
\cjs\puppeteer\util\assert.js:1
8:15)
    at FrameManager.mainFrame (
C:\Users\hario\Projects\Telegra
m Bots\SheinBot\node_modules\pu
ppeteer-core\lib\cjs\puppeteer\
cdp\FrameManager.js:208:32)
    at FrameManager.evaluateOnN
ewDocument (C:\Users\hario\Proj
ects\Telegram Bots\SheinBot\nod
e_modules\puppeteer-core\lib\cj
s\puppeteer\cdp\FrameManager.js
:230:43)
    at 
CdpPage.evaluateOnNewDocument (
C:\Users\hario\Projects\Telegra
m Bots\SheinBot\node_modules\pu
ppeteer-core\lib\cjs\puppeteer\
cdp\Page.js:808:41)
    at 
Object.evaluateOnNewDocument (C
:\Users\hario\Projects\Telegram
 Bots\SheinBot\node_modules\pup
peteer-extra-plugin-stealth\eva
sions\_utils\withUtils.js:33:17
)
    at Plugin.onPageCreated (C:
\Users\hario\Projects\Telegram 
Bots\SheinBot\node_modules\pupp
eteer-extra-plugin-stealth\evas
ions\media.codecs\index.js:21:2
7)
    at Plugin._onTargetCreated 
(C:\Users\hario\Projects\Telegr
am Bots\SheinBot\node_modules\p
uppeteer-extra-plugin\dist\inde
x.cjs.js:496:32)
Error: Requesting main frame 
too early!
    at assert (C:\Users\hario\P
rojects\Telegram Bots\SheinBot\
node_modules\puppeteer-core\lib
\cjs\puppeteer\util\assert.js:1
8:15)
    at FrameManager.mainFrame (
C:\Users\hario\Projects\Telegra
m Bots\SheinBot\node_modules\pu
ppeteer-core\lib\cjs\puppeteer\
cdp\FrameManager.js:208:32)
    at FrameManager.evaluateOnN
ewDocument (C:\Users\hario\Proj
ects\Telegram Bots\SheinBot\nod
e_modules\puppeteer-core\lib\cj
s\puppeteer\cdp\FrameManager.js
:230:43)
    at 
CdpPage.evaluateOnNewDocument (
C:\Users\hario\Projects\Telegra
m Bots\SheinBot\node_modules\pu
ppeteer-core\lib\cjs\puppeteer\
cdp\Page.js:808:41)
    at 
Object.evaluateOnNewDocument (C
:\Users\hario\Projects\Telegram
 Bots\SheinBot\node_modules\pup
peteer-extra-plugin-stealth\eva
sions\_utils\withUtils.js:33:17
)
    at Plugin.onPageCreated (C:
\Users\hario\Projects\Telegram 
Bots\SheinBot\node_modules\pupp
eteer-extra-plugin-stealth\evas
ions\navigator.hardwareConcurre
ncy\index.js:32:27)
    at Plugin._onTargetCreated 
(C:\Users\hario\Projects\Telegr
am Bots\SheinBot\node_modules\p
uppeteer-extra-plugin\dist\inde
x.cjs.js:496:32)
Error: Requesting main frame 
too early!
    at assert (C:\Users\hario\P
rojects\Telegram Bots\SheinBot\
node_modules\puppeteer-core\lib
\cjs\puppeteer\util\assert.js:1
8:15)
    at FrameManager.mainFrame (
C:\Users\hario\Projects\Telegra
m Bots\SheinBot\node_modules\pu
ppeteer-core\lib\cjs\puppeteer\
cdp\FrameManager.js:208:32)
    at FrameManager.evaluateOnN
ewDocument (C:\Users\hario\Proj
ects\Telegram Bots\SheinBot\nod
e_modules\puppeteer-core\lib\cj
s\puppeteer\cdp\FrameManager.js
:230:43)
    at 
CdpPage.evaluateOnNewDocument (
C:\Users\hario\Projects\Telegra
m Bots\SheinBot\node_modules\pu
ppeteer-core\lib\cjs\puppeteer\
cdp\Page.js:808:41)
    at 
Object.evaluateOnNewDocument (C
:\Users\hario\Projects\Telegram
 Bots\SheinBot\node_modules\pup
peteer-extra-plugin-stealth\eva
sions\_utils\withUtils.js:33:17
)
    at Plugin.onPageCreated (C:
\Users\hario\Projects\Telegram 
Bots\SheinBot\node_modules\pupp
eteer-extra-plugin-stealth\evas
ions\navigator.languages\index.
js:28:27)
    at Plugin._onTargetCreated 
(C:\Users\hario\Projects\Telegr
am Bots\SheinBot\node_modules\p
uppeteer-extra-plugin\dist\inde
x.cjs.js:496:32)
Error: Requesting main frame 
too early!
    at assert (C:\Users\hario\P
rojects\Telegram Bots\SheinBot\
node_modules\puppeteer-core\lib
\cjs\puppeteer\util\assert.js:1
8:15)
    at FrameManager.mainFrame (
C:\Users\hario\Projects\Telegra
m Bots\SheinBot\node_modules\pu
ppeteer-core\lib\cjs\puppeteer\
cdp\FrameManager.js:208:32)
    at FrameManager.evaluateOnN
ewDocument (C:\Users\hario\Proj
ects\Telegram Bots\SheinBot\nod
e_modules\puppeteer-core\lib\cj
s\puppeteer\cdp\FrameManager.js
:230:43)
    at 
CdpPage.evaluateOnNewDocument (
C:\Users\hario\Projects\Telegra
m Bots\SheinBot\node_modules\pu
ppeteer-core\lib\cjs\puppeteer\
cdp\Page.js:808:41)
    at 
Object.evaluateOnNewDocument (C
:\Users\hario\Projects\Telegram
 Bots\SheinBot\node_modules\pup
peteer-extra-plugin-stealth\eva
sions\_utils\withUtils.js:33:17
)
    at Plugin.onPageCreated (C:
\Users\hario\Projects\Telegram 
Bots\SheinBot\node_modules\pupp
eteer-extra-plugin-stealth\evas
ions\navigator.permissions\inde
x.js:24:27)
    at Plugin._onTargetCreated 
(C:\Users\hario\Projects\Telegr
am Bots\SheinBot\node_modules\p
uppeteer-extra-plugin\dist\inde
x.cjs.js:496:32)
Error: Requesting main frame 
too early!
    at assert (C:\Users\hario\P
rojects\Telegram Bots\SheinBot\
node_modules\puppeteer-core\lib
\cjs\puppeteer\util\assert.js:1
8:15)
    at FrameManager.mainFrame (
C:\Users\hario\Projects\Telegra
m Bots\SheinBot\node_modules\pu
ppeteer-core\lib\cjs\puppeteer\
cdp\FrameManager.js:208:32)
    at FrameManager.evaluateOnN
ewDocument (C:\Users\hario\Proj
ects\Telegram Bots\SheinBot\nod
e_modules\puppeteer-core\lib\cj
s\puppeteer\cdp\FrameManager.js
:230:43)
    at 
CdpPage.evaluateOnNewDocument (
C:\Users\hario\Projects\Telegra
m Bots\SheinBot\node_modules\pu
ppeteer-core\lib\cjs\puppeteer\
cdp\Page.js:808:41)
    at 
Object.evaluateOnNewDocument (C
:\Users\hario\Projects\Telegram
 Bots\SheinBot\node_modules\pup
peteer-extra-plugin-stealth\eva
sions\_utils\withUtils.js:33:17
)
    at Plugin.onPageCreated (C:
\Users\hario\Projects\Telegram 
Bots\SheinBot\node_modules\pupp
eteer-extra-plugin-stealth\evas
ions\navigator.plugins\index.js
:36:27)
    at Plugin._onTargetCreated 
(C:\Users\hario\Projects\Telegr
am Bots\SheinBot\node_modules\p
uppeteer-extra-plugin\dist\inde
x.cjs.js:496:32)
Error: Requesting main frame 
too early!
    at assert (C:\Users\hario\P
rojects\Telegram Bots\SheinBot\
node_modules\puppeteer-core\lib
\cjs\puppeteer\util\assert.js:1
8:15)
    at FrameManager.mainFrame (
C:\Users\hario\Projects\Telegra
m Bots\SheinBot\node_modules\pu
ppeteer-core\lib\cjs\puppeteer\
cdp\FrameManager.js:208:32)
    at FrameManager.evaluateOnN
ewDocument (C:\Users\hario\Proj
ects\Telegram Bots\SheinBot\nod
e_modules\puppeteer-core\lib\cj
s\puppeteer\cdp\FrameManager.js
:230:43)
    at 
CdpPage.evaluateOnNewDocument (
C:\Users\hario\Projects\Telegra
m Bots\SheinBot\node_modules\pu
ppeteer-core\lib\cjs\puppeteer\
cdp\Page.js:808:41)
    at 
Object.evaluateOnNewDocument (C
:\Users\hario\Projects\Telegram
 Bots\SheinBot\node_modules\pup
peteer-extra-plugin-stealth\eva
sions\_utils\withUtils.js:33:17
)
    at Plugin.onPageCreated (C:
\Users\hario\Projects\Telegram 
Bots\SheinBot\node_modules\pupp
eteer-extra-plugin-stealth\evas
ions\webgl.vendor\index.js:27:2
7)
    at Plugin._onTargetCreated 
(C:\Users\hario\Projects\Telegr
am Bots\SheinBot\node_modules\p
uppeteer-extra-plugin\dist\inde
x.cjs.js:496:32)
Error: Requesting main frame 
too early!
    at assert (C:\Users\hario\P
rojects\Telegram Bots\SheinBot\
node_modules\puppeteer-core\lib
\cjs\puppeteer\util\assert.js:1
8:15)
    at FrameManager.mainFrame (
C:\Users\hario\Projects\Telegra
m Bots\SheinBot\node_modules\pu
ppeteer-core\lib\cjs\puppeteer\
cdp\FrameManager.js:208:32)
    at FrameManager.evaluateOnN
ewDocument (C:\Users\hario\Proj
ects\Telegram Bots\SheinBot\nod
e_modules\puppeteer-core\lib\cj
s\puppeteer\cdp\FrameManager.js
:230:43)
    at 
CdpPage.evaluateOnNewDocument (
C:\Users\hario\Projects\Telegra
m Bots\SheinBot\node_modules\pu
ppeteer-core\lib\cjs\puppeteer\
cdp\Page.js:808:41)
    at 
Object.evaluateOnNewDocument (C
:\Users\hario\Projects\Telegram
 Bots\SheinBot\node_modules\pup
peteer-extra-plugin-stealth\eva
sions\_utils\withUtils.js:33:17
)
    at Plugin.onPageCreated (C:
\Users\hario\Projects\Telegram 
Bots\SheinBot\node_modules\pupp
eteer-extra-plugin-stealth\evas
ions\iframe.contentWindow\index
.js:28:27)
    at Plugin._onTargetCreated 
(C:\Users\hario\Projects\Telegr
am Bots\SheinBot\node_modules\p
uppeteer-extra-plugin\dist\inde
x.cjs.js:496:32)
Error: Requesting main frame 
too early!
    at assert (C:\Users\hario\P
rojects\Telegram Bots\SheinBot\
node_modules\puppeteer-core\lib
\cjs\puppeteer\util\assert.js:1
8:15)
    at FrameManager.mainFrame (
C:\Users\hario\Projects\Telegra
m Bots\SheinBot\node_modules\pu
ppeteer-core\lib\cjs\puppeteer\
cdp\FrameManager.js:208:32)
    at FrameManager.evaluateOnN
ewDocument (C:\Users\hario\Proj
ects\Telegram Bots\SheinBot\nod
e_modules\puppeteer-core\lib\cj
s\puppeteer\cdp\FrameManager.js
:230:43)
    at 
CdpPage.evaluateOnNewDocument (
C:\Users\hario\Projects\Telegra
m Bots\SheinBot\node_modules\pu
ppeteer-core\lib\cjs\puppeteer\
cdp\Page.js:808:41)
    at Plugin.onPageCreated (C:
\Users\hario\Projects\Telegram 
Bots\SheinBot\node_modules\pupp
eteer-extra-plugin-stealth\evas
ions\navigator.webdriver\index.
js:19:16)
    at Plugin._onTargetCreated 
(C:\Users\hario\Projects\Telegr
am Bots\SheinBot\node_modules\p
uppeteer-extra-plugin\dist\inde
x.cjs.js:496:32)
Error: Requesting main frame 
too early!
    at assert (C:\Users\hario\P
rojects\Telegram Bots\SheinBot\
node_modules\puppeteer-core\lib
\cjs\puppeteer\util\assert.js:1
8:15)
    at FrameManager.mainFrame (
C:\Users\hario\Projects\Telegra
m Bots\SheinBot\node_modules\pu
ppeteer-core\lib\cjs\puppeteer\
cdp\FrameManager.js:208:32)
    at FrameManager.evaluateOnN
ewDocument (C:\Users\hario\Proj
ects\Telegram Bots\SheinBot\nod
e_modules\puppeteer-core\lib\cj
s\puppeteer\cdp\FrameManager.js
:230:43)
    at 
CdpPage.evaluateOnNewDocument (
C:\Users\hario\Projects\Telegra
m Bots\SheinBot\node_modules\pu
ppeteer-core\lib\cjs\puppeteer\
cdp\Page.js:808:41)
    at Plugin.onPageCreated (C:
\Users\hario\Projects\Telegram 
Bots\SheinBot\node_modules\pupp
eteer-extra-plugin-stealth\evas
ions\window.outerdimensions\ind
ex.js:20:16)
    at Plugin._onTargetCreated 
(C:\Users\hario\Projects\Telegr
am Bots\SheinBot\node_modules\p
uppeteer-extra-plugin\dist\inde
x.cjs.js:496:32)
Error: Requesting main frame 
too early!
    at assert (C:\Users\hario\P
rojects\Telegram Bots\SheinBot\
node_modules\puppeteer-core\lib
\cjs\puppeteer\util\assert.js:1
8:15)
    at FrameManager.mainFrame (
C:\Users\hario\Projects\Telegra
m Bots\SheinBot\node_modules\pu
ppeteer-core\lib\cjs\puppeteer\
cdp\FrameManager.js:208:32)
    at FrameManager.evaluateOnN
ewDocument (C:\Users\hario\Proj
ects\Telegram Bots\SheinBot\nod
e_modules\puppeteer-core\lib\cj
s\puppeteer\cdp\FrameManager.js
:230:43)
    at 
CdpPage.evaluateOnNewDocument (
C:\Users\hario\Projects\Telegra
m Bots\SheinBot\node_modules\pu
ppeteer-core\lib\cjs\puppeteer\
cdp\Page.js:808:41)
    at 
Object.evaluateOnNewDocument (C
:\Users\hario\Projects\Telegram
 Bots\SheinBot\node_modules\pup
peteer-extra-plugin-stealth\eva
sions\_utils\withUtils.js:33:17
)
    at Plugin.onPageCreated (C:
\Users\hario\Projects\Telegram 
Bots\SheinBot\node_modules\pupp
eteer-extra-plugin-stealth\evas
ions\chrome.app\index.js:20:27)
    at Plugin._onTargetCreated 
(C:\Users\hario\Projects\Telegr
am Bots\SheinBot\node_modules\p
uppeteer-extra-plugin\dist\inde
x.cjs.js:496:32)
Error: Requesting main frame 
too early!
    at assert (C:\Users\hario\P
rojects\Telegram Bots\SheinBot\
node_modules\puppeteer-core\lib
\cjs\puppeteer\util\assert.js:1
8:15)
    at FrameManager.mainFrame (
C:\Users\hario\Projects\Telegra
m Bots\SheinBot\node_modules\pu
ppeteer-core\lib\cjs\puppeteer\
cdp\FrameManager.js:208:32)
    at FrameManager.evaluateOnN
ewDocument (C:\Users\hario\Proj
ects\Telegram Bots\SheinBot\nod
e_modules\puppeteer-core\lib\cj
s\puppeteer\cdp\FrameManager.js
:230:43)
    at 
CdpPage.evaluateOnNewDocument (
C:\Users\hario\Projects\Telegra
m Bots\SheinBot\node_modules\pu
ppeteer-core\lib\cjs\puppeteer\
cdp\Page.js:808:41)
    at 
Object.evaluateOnNewDocument (C
:\Users\hario\Projects\Telegram
 Bots\SheinBot\node_modules\pup
peteer-extra-plugin-stealth\eva
sions\_utils\withUtils.js:33:17
)
    at Plugin.onPageCreated (C:
\Users\hario\Projects\Telegram 
Bots\SheinBot\node_modules\pupp
eteer-extra-plugin-stealth\evas
ions\chrome.csi\index.js:34:27)
    at Plugin._onTargetCreated 
(C:\Users\hario\Projects\Telegr
am Bots\SheinBot\node_modules\p
uppeteer-extra-plugin\dist\inde
x.cjs.js:496:32)
Error: Requesting main frame 
too early!
    at assert (C:\Users\hario\P
rojects\Telegram Bots\SheinBot\
node_modules\puppeteer-core\lib
\cjs\puppeteer\util\assert.js:1
8:15)
    at FrameManager.mainFrame (
C:\Users\hario\Projects\Telegra
m Bots\SheinBot\node_modules\pu
ppeteer-core\lib\cjs\puppeteer\
cdp\FrameManager.js:208:32)
    at FrameManager.evaluateOnN
ewDocument (C:\Users\hario\Proj
ects\Telegram Bots\SheinBot\nod
e_modules\puppeteer-core\lib\cj
s\puppeteer\cdp\FrameManager.js
:230:43)
    at 
CdpPage.evaluateOnNewDocument (
C:\Users\hario\Projects\Telegra
m Bots\SheinBot\node_modules\pu
ppeteer-core\lib\cjs\puppeteer\
cdp\Page.js:808:41)
    at 
Object.evaluateOnNewDocument (C
:\Users\hario\Projects\Telegram
 Bots\SheinBot\node_modules\pup
peteer-extra-plugin-stealth\eva
sions\_utils\withUtils.js:33:17
)
    at Plugin.onPageCreated (C:
\Users\hario\Projects\Telegram 
Bots\SheinBot\node_modules\pupp
eteer-extra-plugin-stealth\evas
ions\chrome.loadTimes\index.js:
32:27)
    at Plugin._onTargetCreated 
(C:\Users\hario\Projects\Telegr
am Bots\SheinBot\node_modules\p
uppeteer-extra-plugin\dist\inde
x.cjs.js:496:32)
Error: Requesting main frame 
too early!
    at assert (C:\Users\hario\P
rojects\Telegram Bots\SheinBot\
node_modules\puppeteer-core\lib
\cjs\puppeteer\util\assert.js:1
8:15)
    at FrameManager.mainFrame (
C:\Users\hario\Projects\Telegra
m Bots\SheinBot\node_modules\pu
ppeteer-core\lib\cjs\puppeteer\
cdp\FrameManager.js:208:32)
    at FrameManager.evaluateOnN
ewDocument (C:\Users\hario\Proj
ects\Telegram Bots\SheinBot\nod
e_modules\puppeteer-core\lib\cj
s\puppeteer\cdp\FrameManager.js
:230:43)
    at 
CdpPage.evaluateOnNewDocument (
C:\Users\hario\Projects\Telegra
m Bots\SheinBot\node_modules\pu
ppeteer-core\lib\cjs\puppeteer\
cdp\Page.js:808:41)
    at 
Object.evaluateOnNewDocument (C
:\Users\hario\Projects\Telegram
 Bots\SheinBot\node_modules\pup
peteer-extra-plugin-stealth\eva
sions\_utils\withUtils.js:33:17
)
    at Plugin.onPageCreated (C:
\Users\hario\Projects\Telegram 
Bots\SheinBot\node_modules\pupp
eteer-extra-plugin-stealth\evas
ions\chrome.runtime\index.js:26
:27)
    at Plugin._onTargetCreated 
(C:\Users\hario\Projects\Telegr
am Bots\SheinBot\node_modules\p
uppeteer-extra-plugin\dist\inde
x.cjs.js:496:32)
Error: Requesting main frame 
too early!
    at assert (C:\Users\hario\P
rojects\Telegram Bots\SheinBot\
node_modules\puppeteer-core\lib
\cjs\puppeteer\util\assert.js:1
8:15)
    at FrameManager.mainFrame (
C:\Users\hario\Projects\Telegra
m Bots\SheinBot\node_modules\pu
ppeteer-core\lib\cjs\puppeteer\
cdp\FrameManager.js:208:32)
    at FrameManager.evaluateOnN
ewDocument (C:\Users\hario\Proj
ects\Telegram Bots\SheinBot\nod
e_modules\puppeteer-core\lib\cj
s\puppeteer\cdp\FrameManager.js
:230:43)
    at 
CdpPage.evaluateOnNewDocument (
C:\Users\hario\Projects\Telegra
m Bots\SheinBot\node_modules\pu
ppeteer-core\lib\cjs\puppeteer\
cdp\Page.js:808:41)
    at 
Object.evaluateOnNewDocument (C
:\Users\hario\Projects\Telegram
 Bots\SheinBot\node_modules\pup
peteer-extra-plugin-stealth\eva
sions\_utils\withUtils.js:33:17
)
    at Plugin.onPageCreated (C:
\Users\hario\Projects\Telegram 
Bots\SheinBot\node_modules\pupp
eteer-extra-plugin-stealth\evas
ions\media.codecs\index.js:21:2
7)
    at Plugin._onTargetCreated 
(C:\Users\hario\Projects\Telegr
am Bots\SheinBot\node_modules\p
uppeteer-extra-plugin\dist\inde
x.cjs.js:496:32)
Error: Requesting main frame 
too early!
    at assert (C:\Users\hario\P
rojects\Telegram Bots\SheinBot\
node_modules\puppeteer-core\lib
\cjs\puppeteer\util\assert.js:1
8:15)
    at FrameManager.mainFrame (
C:\Users\hario\Projects\Telegra
m Bots\SheinBot\node_modules\pu
ppeteer-core\lib\cjs\puppeteer\
cdp\FrameManager.js:208:32)
    at FrameManager.evaluateOnN
ewDocument (C:\Users\hario\Proj
ects\Telegram Bots\SheinBot\nod
e_modules\puppeteer-core\lib\cj
s\puppeteer\cdp\FrameManager.js
:230:43)
    at 
CdpPage.evaluateOnNewDocument (
C:\Users\hario\Projects\Telegra
m Bots\SheinBot\node_modules\pu
ppeteer-core\lib\cjs\puppeteer\
cdp\Page.js:808:41)
    at 
Object.evaluateOnNewDocument (C
:\Users\hario\Projects\Telegram
 Bots\SheinBot\node_modules\pup
peteer-extra-plugin-stealth\eva
sions\_utils\withUtils.js:33:17
)
    at Plugin.onPageCreated (C:
\Users\hario\Projects\Telegram 
Bots\SheinBot\node_modules\pupp
eteer-extra-plugin-stealth\evas
ions\navigator.hardwareConcurre
ncy\index.js:32:27)
    at Plugin._onTargetCreated 
(C:\Users\hario\Projects\Telegr
am Bots\SheinBot\node_modules\p
uppeteer-extra-plugin\dist\inde
x.cjs.js:496:32)
Error: Requesting main frame 
too early!
    at assert (C:\Users\hario\P
rojects\Telegram Bots\SheinBot\
node_modules\puppeteer-core\lib
\cjs\puppeteer\util\assert.js:1
8:15)
    at FrameManager.mainFrame (
C:\Users\hario\Projects\Telegra
m Bots\SheinBot\node_modules\pu
ppeteer-core\lib\cjs\puppeteer\
cdp\FrameManager.js:208:32)
    at FrameManager.evaluateOnN
ewDocument (C:\Users\hario\Proj
ects\Telegram Bots\SheinBot\nod
e_modules\puppeteer-core\lib\cj
s\puppeteer\cdp\FrameManager.js
:230:43)
    at 
CdpPage.evaluateOnNewDocument (
C:\Users\hario\Projects\Telegra
m Bots\SheinBot\node_modules\pu
ppeteer-core\lib\cjs\puppeteer\
cdp\Page.js:808:41)
    at 
Object.evaluateOnNewDocument (C
:\Users\hario\Projects\Telegram
 Bots\SheinBot\node_modules\pup
peteer-extra-plugin-stealth\eva
sions\_utils\withUtils.js:33:17
)
    at Plugin.onPageCreated (C:
\Users\hario\Projects\Telegram 
Bots\SheinBot\node_modules\pupp
eteer-extra-plugin-stealth\evas
ions\navigator.languages\index.
js:28:27)
    at Plugin._onTargetCreated 
(C:\Users\hario\Projects\Telegr
am Bots\SheinBot\node_modules\p
uppeteer-extra-plugin\dist\inde
x.cjs.js:496:32)
Error: Requesting main frame 
too early!
    at assert (C:\Users\hario\P
rojects\Telegram Bots\SheinBot\
node_modules\puppeteer-core\lib
\cjs\puppeteer\util\assert.js:1
8:15)
    at FrameManager.mainFrame (
C:\Users\hario\Projects\Telegra
m Bots\SheinBot\node_modules\pu
ppeteer-core\lib\cjs\puppeteer\
cdp\FrameManager.js:208:32)
    at FrameManager.evaluateOnN
ewDocument (C:\Users\hario\Proj
ects\Telegram Bots\SheinBot\nod
e_modules\puppeteer-core\lib\cj
s\puppeteer\cdp\FrameManager.js
:230:43)
    at 
CdpPage.evaluateOnNewDocument (
C:\Users\hario\Projects\Telegra
m Bots\SheinBot\node_modules\pu
ppeteer-core\lib\cjs\puppeteer\
cdp\Page.js:808:41)
    at 
Object.evaluateOnNewDocument (C
:\Users\hario\Projects\Telegram
 Bots\SheinBot\node_modules\pup
peteer-extra-plugin-stealth\eva
sions\_utils\withUtils.js:33:17
)
    at Plugin.onPageCreated (C:
\Users\hario\Projects\Telegram 
Bots\SheinBot\node_modules\pupp
eteer-extra-plugin-stealth\evas
ions\navigator.permissions\inde
x.js:24:27)
    at Plugin._onTargetCreated 
(C:\Users\hario\Projects\Telegr
am Bots\SheinBot\node_modules\p
uppeteer-extra-plugin\dist\inde
x.cjs.js:496:32)
Error: Requesting main frame 
too early!
    at assert (C:\Users\hario\P
rojects\Telegram Bots\SheinBot\
node_modules\puppeteer-core\lib
\cjs\puppeteer\util\assert.js:1
8:15)
    at FrameManager.mainFrame (
C:\Users\hario\Projects\Telegra
m Bots\SheinBot\node_modules\pu
ppeteer-core\lib\cjs\puppeteer\
cdp\FrameManager.js:208:32)
    at FrameManager.evaluateOnN
ewDocument (C:\Users\hario\Proj
ects\Telegram Bots\SheinBot\nod
e_modules\puppeteer-core\lib\cj
s\puppeteer\cdp\FrameManager.js
:230:43)
    at 
CdpPage.evaluateOnNewDocument (
C:\Users\hario\Projects\Telegra
m Bots\SheinBot\node_modules\pu
ppeteer-core\lib\cjs\puppeteer\
cdp\Page.js:808:41)
    at 
Object.evaluateOnNewDocument (C
:\Users\hario\Projects\Telegram
 Bots\SheinBot\node_modules\pup
peteer-extra-plugin-stealth\eva
sions\_utils\withUtils.js:33:17
)
    at Plugin.onPageCreated (C:
\Users\hario\Projects\Telegram 
Bots\SheinBot\node_modules\pupp
eteer-extra-plugin-stealth\evas
ions\navigator.plugins\index.js
:36:27)
    at Plugin._onTargetCreated 
(C:\Users\hario\Projects\Telegr
am Bots\SheinBot\node_modules\p
uppeteer-extra-plugin\dist\inde
x.cjs.js:496:32)
Error: Requesting main frame 
too early!
    at assert (C:\Users\hario\P
rojects\Telegram Bots\SheinBot\
node_modules\puppeteer-core\lib
\cjs\puppeteer\util\assert.js:1
8:15)
    at FrameManager.mainFrame (
C:\Users\hario\Projects\Telegra
m Bots\SheinBot\node_modules\pu
ppeteer-core\lib\cjs\puppeteer\
cdp\FrameManager.js:208:32)
    at FrameManager.evaluateOnN
ewDocument (C:\Users\hario\Proj
ects\Telegram Bots\SheinBot\nod
e_modules\puppeteer-core\lib\cj
s\puppeteer\cdp\FrameManager.js
:230:43)
    at 
CdpPage.evaluateOnNewDocument (
C:\Users\hario\Projects\Telegra
m Bots\SheinBot\node_modules\pu
ppeteer-core\lib\cjs\puppeteer\
cdp\Page.js:808:41)
    at 
Object.evaluateOnNewDocument (C
:\Users\hario\Projects\Telegram
 Bots\SheinBot\node_modules\pup
peteer-extra-plugin-stealth\eva
sions\_utils\withUtils.js:33:17
)
    at Plugin.onPageCreated (C:
\Users\hario\Projects\Telegram 
Bots\SheinBot\node_modules\pupp
eteer-extra-plugin-stealth\evas
ions\webgl.vendor\index.js:27:2
7)
    at Plugin._onTargetCreated 
(C:\Users\hario\Projects\Telegr
am Bots\SheinBot\node_modules\p
uppeteer-extra-plugin\dist\inde
x.cjs.js:496:32)
Error: Requesting main frame 
too early!
    at assert (C:\Users\hario\P
rojects\Telegram Bots\SheinBot\
node_modules\puppeteer-core\lib
\cjs\puppeteer\util\assert.js:1
8:15)
    at FrameManager.mainFrame (
C:\Users\hario\Projects\Telegra
m Bots\SheinBot\node_modules\pu
ppeteer-core\lib\cjs\puppeteer\
cdp\FrameManager.js:208:32)
    at FrameManager.evaluateOnN
ewDocument (C:\Users\hario\Proj
ects\Telegram Bots\SheinBot\nod
e_modules\puppeteer-core\lib\cj
s\puppeteer\cdp\FrameManager.js
:230:43)
    at 
CdpPage.evaluateOnNewDocument (
C:\Users\hario\Projects\Telegra
m Bots\SheinBot\node_modules\pu
ppeteer-core\lib\cjs\puppeteer\
cdp\Page.js:808:41)
    at 
Object.evaluateOnNewDocument (C
:\Users\hario\Projects\Telegram
 Bots\SheinBot\node_modules\pup
peteer-extra-plugin-stealth\eva
sions\_utils\withUtils.js:33:17
)
    at Plugin.onPageCreated (C:
\Users\hario\Projects\Telegram 
Bots\SheinBot\node_modules\pupp
eteer-extra-plugin-stealth\evas
ions\iframe.contentWindow\index
.js:28:27)
    at Plugin._onTargetCreated 
(C:\Users\hario\Projects\Telegr
am Bots\SheinBot\node_modules\p
uppeteer-extra-plugin\dist\inde
x.cjs.js:496:32)
'taskkill' is not recognized 
as an internal or external 
command,
operable program or batch file.
C:\Users\hario\Projects\Telegra
m Bots\SheinBot\node_modules\pu
ppeteer-core\lib\cjs\puppeteer\
cdp\CdpSession.js:72
            return 
Promise.reject(new Errors_js_1.
TargetCloseError(`Protocol 
error (${method}): Session 
closed. Most likely the 
${this.#targetType} has been 
closed.`));
                               
   ^

TargetCloseError: Protocol 
error (Network.setUserAgentOver
ride): Session closed. Most 
likely the page has been 
closed.
    at CdpCDPSession.send (C:\U
sers\hario\Projects\Telegram Bo
ts\SheinBot\node_modules\puppet
eer-core\lib\cjs\puppeteer\cdp\
CdpSession.js:72:35)
    at next (C:\Users\hario\Pro
jects\Telegram Bots\SheinBot\no
de_modules\puppeteer-extra-plug
in-stealth\evasions\sourceurl\i
ndex.js:34:41)
    at CdpCDPSession.send (C:\U
sers\hario\Projects\Telegram Bo
ts\SheinBot\node_modules\puppet
eer-extra-plugin-stealth\evasio
ns\sourceurl\index.js:67:18)
    at Plugin.onPageCreated (C:
\Users\hario\Projects\Telegram 
Bots\SheinBot\node_modules\pupp
eteer-extra-plugin-stealth\evas
ions\user-agent-override\index.
js:182:12)
    at async 
Plugin._onTargetCreated (C:\Use
rs\hario\Projects\Telegram Bots
\SheinBot\node_modules\puppetee
r-extra-plugin\dist\index.cjs.j
s:496:21)

Node.js v22.18.0
